✔ Lean Unicode columns jump to UTF-16 editor positions without shifting astral characters (2.096792ms)
✔ explicit verification ensures its panel is open while automatic previews do not change docks (7.236833ms)
✔ manual edits preview only and automatic edits coalesce; mode switch cancels pending work (64.795375ms)
✔ cancel prevents delayed work (21.31775ms)
✔ Lean files retain arbitrary mathematical syntax without JSON parsing (2.588334ms)
✔ graph and saved Lean documents round trip with validated discriminants (9.167458ms)
✔ UTF-16 cursor positions match Lean LSP and clamp jumps to actual lines (0.586791ms)
✔ pending graph forms can recover but invalid graph documents cannot (0.388875ms)
✔ named notebook variants validate their actual document before compare or restore (0.271125ms)
✔ downloads click an attached anchor and release DOM and object URL resources afterward (6.775875ms)
✔ autosave round-trips a detached document with its saved timestamp (5.453375ms)
✔ one atomic envelope retains current and previous recovery points (0.644041ms)
✔ duplicate autosaves retain the prior distinct document (0.506917ms)
✔ invalid current snapshots recover a validated prior document (0.464917ms)
✔ malformed or unsupported recovery data never enters the editor (0.286875ms)
✔ invalid save and quota failures leave the stored recovery point intact (0.326208ms)
✔ unavailable storage, clone failures, and throwing validators are recoverable (0.303833ms)
✔ draft documents can include graph wrappers and clear removes only its own key (0.446625ms)
✔ manual previous recovery is read-only and validates the candidate (0.391625ms)
✔ browser module entrypoints parse as ES modules (219.757083ms)
✔ initialization is idempotent and does not require fullscreen support (5.438666ms)
✔ Escape leaves graph focus, consumes the event, and restores keyboard focus (0.472333ms)
✔ Escape first cancels editor interaction while preserving fullscreen, then exits (0.328917ms)
✔ native fullscreen is requested within the click and browser exit restores the workspace (0.299542ms)
✔ fullscreen rejection and synchronous failure both retain usable viewport focus (0.344584ms)
✔ late native enter is undone after the user has already closed focus mode (0.258333ms)
✔ closing and reopening during a pending enter honors the most recent intent (0.188542ms)
✔ reopening during native exit keeps viewport focus after that exit completes (0.205083ms)
✔ failed native exit restores the exit control and matching focus state (0.228542ms)
✔ fullscreen owned by another element is neither requested nor exited (0.222167ms)
✔ no DOM replacement, storage access, or inline layout writes are needed (0.217042ms)
✔ compound checks describe the current phase, elapsed time and server budget without estimating completion (0.937916ms)
✔ progress never replaces a final verification state and does not invent missing server budgets (0.195ms)
✔ cancel during start cancels returned late job and never delivers it (1.07725ms)
✔ replacement awaits cancellation before starting and sends terminal result only once (0.232667ms)
✔ progress reports server phases and budget without publishing an intermediate verification result (0.814417ms)
✔ cancelled late poll publishes neither progress nor a result (1.636958ms)
✔ undo and redo restore independent graph and module snapshots (5.562667ms)
✔ history boundaries and a no-op commit do not discard redo (0.301875ms)
✔ editing after undo discards only the abandoned future and reset starts a new document (0.220083ms)
✔ history keeps a bounded number of snapshots and rejected clones are atomic (0.511ms)
✔ semantic keys survive layout, grouping, and v1 to v2 presentation migration (0.563042ms)
✔ module body layout is ignored while its definitions and wiring remain semantic (1.887792ms)
✔ semantic keys treat Lean source and project identity as verification inputs (1.7135ms)
✔ incomplete context forms remain recoverable and invalidate a verified graph key (1.129041ms)
✔ case-branch positions are presentation while branch proof bodies remain semantic (0.523625ms)
✔ position-only history snapshots share a long body and unchanged module definitions (14.2555ms)
✔ recovery keeps sessions out of document history/export and requires an explicit matching-document load (3.090667ms)
✔ changed scopes/targets and malformed viewports are rejected without changing the saved document (0.271625ms)
✔ navigation recovery retains valid child path/selection/viewport and rejects a changed call (0.549833ms)
✔ compact open docks reserve content space and keep the canvas controls uncovered (2.833125ms)
✔ default layout has the requested docks and initially hides help (0.62325ms)
✔ unknown or incompatible persisted values restore a complete default (1.304333ms)
✔ normalization repairs invalid fields without dropping valid preferences (0.516125ms)
✔ persisted unknown and prototype-related keys cannot enter the normalized state (0.469375ms)
✔ orders are compact and deterministic with duplicate and invalid persisted orders (0.6705ms)
✔ moving between docks repairs the source active tab and selects the destination (0.499708ms)
✔ dock insertion indexes refer to visible tabs while preserving hidden panel placement (1.847125ms)
✔ reordering in one dock is stable and a move without an index retains its order (0.745917ms)
✔ closing and reopening preserves last dock order and floating geometry (1.078042ms)
✔ the last hidden tab empties its dock active selection and reopening restores it (0.402375ms)
✔ activation changes only the selected dock tab and never reopens a hidden panel (1.174708ms)
✔ moving a hidden panel makes it visible and active in its new area (0.915041ms)
✔ mutators do not change a frozen input and returned nested records are detached (0.548125ms)
✔ invalid commands never add panels, area keys, or unsafe numbers (2.287292ms)
✔ resizing clamps docks by axis and preserves other dimensions (1.318416ms)
✔ floating geometry updates are partial, bounded, and keep visibility and area (1.476375ms)
✔ viewport clamping brings the entire floating panel inside smaller bounds (0.344583ms)
✔ viewport clamping tolerates missing geometry and zero-size or malformed bounds (0.388ms)
✔ JSON round trips retain chosen visibility, order, tabs, dock sizes and floating geometry (0.986125ms)
✔ reload closes this tab’s remembered session before opening another (14.99775ms)
✔ expired context session is reopened once and actual goal/hover text is shown (4.538792ms)
✔ expired session during source update reopens the latest source (3.706375ms)
✔ failed old open cannot block a newer document session (1.908042ms)
✔ replacement open waits for the previous session close (2.830792ms)
✔ check waiting on cancellation does not check a replacement document (2.794042ms)
✔ late project failure cannot overwrite the current project status (3.359166ms)
✔ policy is restored and changes persist in the document (2.192459ms)
✔ opening a replacement clears old diagnostics and cursor context immediately (3.578833ms)
✔ cancel during pending start visibly cancels and discards the late job (2.083917ms)
✔ declaration navigation does not change the explicitly chosen theorem (1.911209ms)
✔ actual structured goal tree exposes two scoped branches and detached context snapshots (3.277041ms)
✔ context cancellation closes active computation and discards late goal IDs (1.742875ms)
✔ context cancellation during initial open closes the late session and can reopen (6.401417ms)
✔ partial diagnostics keep cancellation available while later source elaborates (4.221458ms)
✔ imports fail safely before the editor replaces a working graph (4.042125ms)
✔ editor exports round-trip long supported types and layout bounds (0.309125ms)
✔ each input has one incoming connection; replacement is explicit (1.236833ms)
✔ cycles are rejected and existing wires survive a rejected edit (0.178ms)
✔ deleting a node removes incident wires while retaining the sole goal (0.220125ms)
✔ in-flight results cannot verify a newer graph, including a same-graph reload (0.155125ms)
✔ fit includes all nodes and handles zero-size viewport without NaN (0.334083ms)
✔ compact capsule geometry leaves distinct rows for two input components (0.152333ms)
✔ wire endpoints sit exactly on the capsule sides and input row centers (0.29825ms)
✔ all supported capsule inputs stay within the body above the type strip (0.470292ms)
✔ resizing dock areas preserves the graph center and zoom without mutating the view (0.199417ms)
✔ initial or temporarily hidden canvas dimensions do not displace the graph (0.126916ms)
✔ module extraction preserves external wiring and makes every dependency explicit (5.782959ms)
✔ one external source used more than once becomes one reusable formal input (0.638292ms)
✔ module calls can be reused and wrapped in another nonrecursive definition (4.332875ms)
✔ module geometry fits sixteen explicit inputs and dynamic output ports (1.300959ms)
✔ module connections enforce real signature names and retain wires on rejection (1.415209ms)
✔ visual groups preserve proof nodes and edges while collapsing losslessly (1.523541ms)
✔ collapsed groups have distinct source sockets and route group-to-group edges (0.650083ms)
✔ all boundary inputs stay available when unconnected and goals have no proxy output (0.373375ms)
✔ grouping refuses overlaps, absent members and duplicate ids without changes (0.604042ms)
✔ collapsed drag translates original members and rejects out-of-range motion atomically (0.874666ms)
✔ deleting grouped nodes prunes members and removes empty groups (0.564833ms)
✔ extraction rejects unknown types, incomplete regions and multiple results atomically (0.907166ms)
✔ nonconvex extraction cannot introduce a cycle when a path leaves and reenters (0.594458ms)
✔ extraction keeps whole groups in the body and prunes partial groups without overlaps (0.933958ms)
✔ new helper ids never collide with selected node or edge ids (0.673333ms)
✔ v2 import validates every definition, captures, dependencies, signatures and groups (2.712042ms)
✔ import and extraction enforce global limits, not only each isolated body (3.440667ms)
✔ hostile identifiers never mutate object prototypes or become inferred types (1.554417ms)
✔ body extraction commits a shared reusable definition and body atomically (1.269291ms)
✔ v2 import rejects mutual module recursion and missing fields even on unused definitions (0.668791ms)
✔ visible group identifiers and sockets remain unambiguous for punctuation-containing ids (0.528083ms)
✔ extracting into a full module library rejects atomically (5.2935ms)
✔ seventeen distinct inputs reject extraction before modifying the graph (1.104583ms)
✔ A/B variants are detached bounded documents with historical provenance and never trusted verification (9.43325ms)
✔ bookmarks retain separate actual before/after observations and original source position (0.446542ms)
✔ malformed imported notebook observations normalize before rendering (1.864583ms)
✔ imported provenance is normalized before rendering and cannot provide green authority (0.190084ms)
✔ A/B comparison identifies changed source lines and graph fields (0.715542ms)
✔ goal observations preserve document version and source identity independently of the bookmark revision (0.222791ms)
✔ missing source or environment evidence is unavailable rather than a difference (0.328083ms)
✔ semantic deletion removes stale saved IDs while keeping the original undo snapshot intact (5.852958ms)
✔ presentation and runtime navigation never change the semantic key or compiler document (1.331667ms)
✔ legacy groups migrate without changing proof nodes and malformed trees are quarantined (2.288792ms)
✔ manual hiding preserves each actual edge and never invents A to C (0.65775ms)
✔ isolation renders only direct hidden boundaries and no hidden-to-hidden wires (0.699458ms)
✔ proxy ports encode node and port tuples without delimiter collisions (0.329208ms)
✔ isolation freezes selection, deduplicates stages and restores viewport without overwriting hides (2.11575ms)
✔ adding a hidden item bypasses earlier frames but newest manual Hide defeats all overrides (0.610292ms)
✔ temporary diagnostics open ancestors without mutating collapse or isolation (0.673458ms)
✔ nested containers preserve endpoint proxies and movement is reversible with all descendants (0.983041ms)
✔ scope and occurrence identities do not share call A/B or Cases branch display state (0.397875ms)
✔ new entities join the current isolation and removing all targets safely ends it (0.489333ms)
✔ manual occurrence views are detached from each other and validated on reload (1.340709ms)
✔ manual hiding the last temporary diagnostic restores the original collapsed ancestor (1.0105ms)
✔ empty imported containers never generate nonfinite wrapping coordinates (0.432416ms)
✔ ignored script metadata cannot make semantic-scope traversal crash (2.219625ms)
✔ malformed scope records and overflow both preserve recovery evidence (3.600416ms)
✔ occurrence corruption, excess entries and mismatched key associations retain recovery (8.980917ms)
✔ expanded nested bounds reserve distinct container headings at every level (1.887834ms)
✔ document identity exists before editor open, survives Undo, and differs for a new import (14.091667ms)
✔ dependency preview includes only actual ancestors and survives malformed cycles (2.488667ms)
✔ inspector reports actual producers, declared inputs, assumptions, source and diagnostics (1.523958ms)
✔ inspector uses formal module types and never guesses compatibility from matching text (1.082792ms)
✔ two watch pins are detached snapshots with document/scope identity and explicit stale state (0.966292ms)
✔ preview modes never mutate graph topology and default to the full graph (9.371542ms)
✔ restored Watch snapshots lose current-session verification regardless of saved flags (1.347458ms)
✔ two outputs of one typed component keep distinct Watch identities (1.222916ms)
✔ verified memory results require the same freshly read actual Lean environment (0.776166ms)
✔ category selection shows the matching tools and exposes the selected state (3.87025ms)
✔ category keyboard navigation wraps and moves focus to the visible selection (0.867666ms)
✔ commands reuse existing editor actions and reveal closed panels (2.143375ms)
✔ disabled editor actions cannot be triggered from the ribbon (0.364042ms)
✔ reinitialization does not attach duplicate command listeners (0.350791ms)
✔ source file alone can be hidden, grouped and expanded while original source remains exact (22.750042ms)
✔ actual declarations keep raw names and all metadata while installation dependencies render in pages of fifty (6.104583ms)
✔ invalid UTF8 original never enables analysis after cache reload or cancellation (3.028792ms)
✔ historical installed lookup failure cannot overwrite a subsequently edited source (7.073417ms)
✔ malformed historical imports leave original source and cache saved while loading the safe file view (2.553792ms)
✔ fresh theorem conversion uses server job identity and preserves the source without treating dependencies as wires (11.119959ms)
✔ late conversion cannot replace a newer source and errored partial analysis cannot convert (6.486083ms)
✔ UTF8 BOM CRLF and Unicode survive source JSON round trips as exact original bytes (65.083333ms)
✔ malformed UTF8 stays an original file block rather than replacement-character Lean (11.657542ms)
✔ the maximum eight MiB raw file validates without recursive Base64 expression failure (2682.364917ms)
✔ original provenance metadata must match decoded bytes without requiring edited source equality (2.804708ms)
✔ source-backed graph JSON saves the full raw source and restores its independent module identity (8.59975ms)
✔ invalid module paths, provenance, source limits and corrupt raw bytes are refused on restore (39.010708ms)
✔ source diagnostic buttons open the source from a file block before moving the caret (9.604875ms)
✔ presentation original download preserves falsy quarantined JSON and distinguishes absent recovery (40.145375ms)
✔ source relations expose actual direct names without inventing editable proof wires (3.155333ms)
✔ file and declarations share Hide/containers while source bytes and semantic identity remain exact (9.072625ms)
✔ a thousand source declarations have their own analysis view and no semantic graph node cap (11.409958ms)
✔ unknown source view wrappers are quarantined with exact original and safe default visibility (0.6735ms)
✔ historical analysis rejects malformed optional imports, ranges and dependency provenance without mutating cache (1.671666ms)
✔ visible Lean body edits invalidate a pending result, persist, and cannot be overwritten by a late response (35.869417ms)
✔ changing selected node cannot retain another node output ID (12.648458ms)
✔ opening another typed document clears a pending connection and dependency view (3.516709ms)
✔ deleting an output or calc step commits the visible rows and invalidates verification (1.867125ms)
✔ changing compute mode invalidates a pending preview response (7.071792ms)
✔ an obsolete declaration lookup error cannot alter a replacement document (5.678833ms)
✔ wire selection preserves the edge output and selects its exact projection source (4.633291ms)
✔ editing immediately refreshes the Inspector as unverified before any delayed preview (5.280959ms)
✔ output-key and source-line navigation select the precise projection (9.730584ms)
✔ a verified root target does not label an incomplete component verified (2.5015ms)
✔ an earlier same-document preview result or error cannot replace a newer actual check (12.479375ms)
✔ typed hide and isolation preserve current kernel results and keep real boundary edges (8.633125ms)
✔ header Shift-click keeps both selected cards rather than removing the second selection (4.397833ms)
✔ fullscreen cancellation consumes a pending wire before leaving the editor (1.69125ms)
✔ call A/B internal views, definition view, return selection and viewport remain distinct (14.898ms)
✔ a code card opens an editable wide code view and returns without losing the body (3.203709ms)
✔ direct code-parent creation yields an actual shared definition and public input wire (6.961292ms)
✔ creating a parent at global node or module limits rejects without a document commit (24.946ms)
✔ presentation restoration retains multi-selection and the parent return stack (11.893959ms)
✔ actual Unicode fragment diagnostics open the body at the corresponding UTF16 caret (4.501917ms)
✔ explicit settings open inside the workbench and edit a parent public contract (3.235542ms)
✔ editing a body while its actual goal query is pending resets controls for a new query (14.5085ms)
✔ contract editing returns to the exact wide body cursor without a duplicate body textarea (7.064083ms)
✔ ending a temporary body diagnostic restores the prior isolated canvas instead of leaving code open (6.805375ms)
✔ cancelling a wire restores ordinary port tooltip and whole fit includes expanded group headers (4.571917ms)
✔ direct-input isolate counts manual hidden nodes and adds them only on explicit request (6.892166ms)
✔ pasted blocks enter the current isolate with fresh IDs and their internal wires (6.85175ms)
✔ Nat retains values beyond JS safe integer range and rejects invalid forms (1.944834ms)
✔ Map Zip Product expand actual calls with stable provenance and reject zip mismatch atomically (6.46625ms)
✔ signature changes identify direct and transitive callsites without deleting wires (1.777792ms)
✔ typed candidate hints separate current concrete type matches, rigid conflicts and uncertainty (0.248459ms)
✔ batch calls enforce the whole document node budget before mutating nested scopes (1.895292ms)
✔ copy/paste retains internal wires, uses fresh IDs and rejects scope/limit changes atomically (1.496208ms)
✔ real Lean graph locations distinguish visible, outside and unknown errors (2.933167ms)
✔ a descendant of a manually hidden outer container is marked manual rather than collapsed (0.5275ms)
✔ direct expansion uses only same-scope adjacent wires and does not silently reveal manual Hide (0.858583ms)
✔ source references are declared separately, remain direct, and unresolved names never become proof wires (2.847041ms)
✔ outside pointerdown does not move canvas buttons before their click fires (10.742625ms)
✔ dock activation consumes the detached original tab click and an explicit reveal remains open for that click (5.658291ms)
✔ a compact panel stays open after a ribbon command even when the pending microtask has completed (1.651917ms)
ℹ tests 220
ℹ suites 0
ℹ pass 220
ℹ fail 0
ℹ cancelled 0
ℹ skipped 0
ℹ todo 0
ℹ duration_ms 3340.551333
