✔ Lean Unicode columns jump to UTF-16 editor positions without shifting astral characters (1.4845ms)
✔ explicit verification ensures its panel is open while automatic previews do not change docks (7.156833ms)
✔ manual edits preview only and automatic edits coalesce; mode switch cancels pending work (65.38925ms)
✔ cancel prevents delayed work (22.121167ms)
✔ Lean files retain arbitrary mathematical syntax without JSON parsing (2.033416ms)
✔ graph and saved Lean documents round trip with validated discriminants (8.278458ms)
✔ UTF-16 cursor positions match Lean LSP and clamp jumps to actual lines (0.712125ms)
✔ pending graph forms can recover but invalid graph documents cannot (0.465416ms)
✔ named notebook variants validate their actual document before compare or restore (0.3455ms)
✔ downloads click an attached anchor and release DOM and object URL resources afterward (3.227834ms)
✔ autosave round-trips a detached document with its saved timestamp (4.856541ms)
✔ one atomic envelope retains current and previous recovery points (0.979458ms)
✔ duplicate autosaves retain the prior distinct document (0.42925ms)
✔ invalid current snapshots recover a validated prior document (0.405958ms)
✔ malformed or unsupported recovery data never enters the editor (0.364291ms)
✔ invalid save and quota failures leave the stored recovery point intact (0.578791ms)
✔ unavailable storage, clone failures, and throwing validators are recoverable (0.462458ms)
✔ draft documents can include graph wrappers and clear removes only its own key (0.4845ms)
✔ manual previous recovery is read-only and validates the candidate (0.400791ms)
✔ browser module entrypoints parse as ES modules (217.583584ms)
✔ initialization is idempotent and does not require fullscreen support (3.487667ms)
✔ Escape leaves graph focus, consumes the event, and restores keyboard focus (0.481ms)
✔ Escape first cancels editor interaction while preserving fullscreen, then exits (0.433417ms)
✔ native fullscreen is requested within the click and browser exit restores the workspace (0.489916ms)
✔ fullscreen rejection and synchronous failure both retain usable viewport focus (0.517375ms)
✔ late native enter is undone after the user has already closed focus mode (0.493375ms)
✔ closing and reopening during a pending enter honors the most recent intent (0.311792ms)
✔ reopening during native exit keeps viewport focus after that exit completes (0.2995ms)
✔ failed native exit restores the exit control and matching focus state (0.264083ms)
✔ fullscreen owned by another element is neither requested nor exited (1.55425ms)
✔ no DOM replacement, storage access, or inline layout writes are needed (0.635792ms)
✔ cancel during start cancels returned late job and never delivers it (1.501084ms)
✔ replacement awaits cancellation before starting and sends terminal result only once (0.380208ms)
✔ undo and redo restore independent graph and module snapshots (2.394708ms)
✔ history boundaries and a no-op commit do not discard redo (0.277375ms)
✔ editing after undo discards only the abandoned future and reset starts a new document (0.216708ms)
✔ history keeps a bounded number of snapshots and rejected clones are atomic (0.514ms)
✔ semantic keys survive layout, grouping, and v1 to v2 presentation migration (0.553334ms)
✔ module body layout is ignored while its definitions and wiring remain semantic (0.813834ms)
✔ semantic keys treat Lean source and project identity as verification inputs (1.169334ms)
✔ incomplete context forms remain recoverable and invalidate a verified graph key (0.333208ms)
✔ case-branch positions are presentation while branch proof bodies remain semantic (0.32375ms)
✔ position-only history snapshots share a long body and unchanged module definitions (11.87825ms)
✔ recovery keeps sessions out of document history/export and requires an explicit matching-document load (2.5925ms)
✔ changed scopes/targets and malformed viewports are rejected without changing the saved document (0.355625ms)
✔ navigation recovery retains valid child path/selection/viewport and rejects a changed call (0.903875ms)
✔ compact open docks reserve content space and keep the canvas controls uncovered (2.897042ms)
✔ default layout has the requested docks and initially hides help (0.451542ms)
✔ unknown or incompatible persisted values restore a complete default (0.904917ms)
✔ normalization repairs invalid fields without dropping valid preferences (0.333666ms)
✔ persisted unknown and prototype-related keys cannot enter the normalized state (0.371125ms)
✔ orders are compact and deterministic with duplicate and invalid persisted orders (0.419459ms)
✔ moving between docks repairs the source active tab and selects the destination (0.399209ms)
✔ dock insertion indexes refer to visible tabs while preserving hidden panel placement (1.281542ms)
✔ reordering in one dock is stable and a move without an index retains its order (0.686916ms)
✔ closing and reopening preserves last dock order and floating geometry (0.597875ms)
✔ the last hidden tab empties its dock active selection and reopening restores it (0.227083ms)
✔ activation changes only the selected dock tab and never reopens a hidden panel (0.411166ms)
✔ moving a hidden panel makes it visible and active in its new area (0.134292ms)
✔ mutators do not change a frozen input and returned nested records are detached (0.4055ms)
✔ invalid commands never add panels, area keys, or unsafe numbers (0.514583ms)
✔ resizing clamps docks by axis and preserves other dimensions (0.33675ms)
✔ floating geometry updates are partial, bounded, and keep visibility and area (0.669375ms)
✔ viewport clamping brings the entire floating panel inside smaller bounds (0.190708ms)
✔ viewport clamping tolerates missing geometry and zero-size or malformed bounds (0.218375ms)
✔ JSON round trips retain chosen visibility, order, tabs, dock sizes and floating geometry (0.487125ms)
✔ reload closes this tab’s remembered session before opening another (14.2265ms)
✔ expired context session is reopened once and actual goal/hover text is shown (5.594292ms)
✔ expired session during source update reopens the latest source (4.028875ms)
✔ failed old open cannot block a newer document session (2.853333ms)
✔ replacement open waits for the previous session close (7.404542ms)
✔ check waiting on cancellation does not check a replacement document (3.241125ms)
✔ late project failure cannot overwrite the current project status (2.129333ms)
✔ policy is restored and changes persist in the document (2.736583ms)
✔ opening a replacement clears old diagnostics and cursor context immediately (2.5375ms)
✔ cancel during pending start visibly cancels and discards the late job (1.4185ms)
✔ declaration navigation does not change the explicitly chosen theorem (1.621083ms)
✔ actual structured goal tree exposes two scoped branches and detached context snapshots (3.149125ms)
✔ context cancellation closes active computation and discards late goal IDs (1.375917ms)
✔ context cancellation during initial open closes the late session and can reopen (1.845167ms)
✔ partial diagnostics keep cancellation available while later source elaborates (1.285959ms)
✔ imports fail safely before the editor replaces a working graph (3.460375ms)
✔ editor exports round-trip long supported types and layout bounds (0.3305ms)
✔ each input has one incoming connection; replacement is explicit (1.396625ms)
✔ cycles are rejected and existing wires survive a rejected edit (0.20575ms)
✔ deleting a node removes incident wires while retaining the sole goal (0.254959ms)
✔ in-flight results cannot verify a newer graph, including a same-graph reload (0.1775ms)
✔ fit includes all nodes and handles zero-size viewport without NaN (0.398667ms)
✔ compact capsule geometry leaves distinct rows for two input components (0.178375ms)
✔ wire endpoints sit exactly on the capsule sides and input row centers (0.345708ms)
✔ all supported capsule inputs stay within the body above the type strip (4.386417ms)
✔ resizing dock areas preserves the graph center and zoom without mutating the view (0.331708ms)
✔ initial or temporarily hidden canvas dimensions do not displace the graph (0.165792ms)
✔ module extraction preserves external wiring and makes every dependency explicit (5.203458ms)
✔ one external source used more than once becomes one reusable formal input (0.630709ms)
✔ module calls can be reused and wrapped in another nonrecursive definition (3.886584ms)
✔ module geometry fits sixteen explicit inputs and dynamic output ports (0.888042ms)
✔ module connections enforce real signature names and retain wires on rejection (0.886416ms)
✔ visual groups preserve proof nodes and edges while collapsing losslessly (1.311209ms)
✔ collapsed groups have distinct source sockets and route group-to-group edges (1.047583ms)
✔ all boundary inputs stay available when unconnected and goals have no proxy output (0.396875ms)
✔ grouping refuses overlaps, absent members and duplicate ids without changes (1.297708ms)
✔ collapsed drag translates original members and rejects out-of-range motion atomically (1.034209ms)
✔ deleting grouped nodes prunes members and removes empty groups (0.748792ms)
✔ extraction rejects unknown types, incomplete regions and multiple results atomically (0.8665ms)
✔ nonconvex extraction cannot introduce a cycle when a path leaves and reenters (0.336167ms)
✔ extraction keeps whole groups in the body and prunes partial groups without overlaps (0.748667ms)
✔ new helper ids never collide with selected node or edge ids (0.588583ms)
✔ v2 import validates every definition, captures, dependencies, signatures and groups (16.629042ms)
✔ import and extraction enforce global limits, not only each isolated body (4.610875ms)
✔ hostile identifiers never mutate object prototypes or become inferred types (2.857791ms)
✔ body extraction commits a shared reusable definition and body atomically (1.295625ms)
✔ v2 import rejects mutual module recursion and missing fields even on unused definitions (0.815459ms)
✔ visible group identifiers and sockets remain unambiguous for punctuation-containing ids (0.511958ms)
✔ extracting into a full module library rejects atomically (4.549083ms)
✔ seventeen distinct inputs reject extraction before modifying the graph (1.3325ms)
✔ A/B variants are detached bounded documents with historical provenance and never trusted verification (8.253042ms)
✔ bookmarks retain separate actual before/after observations and original source position (0.625417ms)
✔ malformed imported notebook observations normalize before rendering (2.217333ms)
✔ imported provenance is normalized before rendering and cannot provide green authority (0.278542ms)
✔ A/B comparison identifies changed source lines and graph fields (1.053834ms)
✔ goal observations preserve document version and source identity independently of the bookmark revision (0.338208ms)
✔ missing source or environment evidence is unavailable rather than a difference (0.469125ms)
✔ semantic deletion removes stale saved IDs while keeping the original undo snapshot intact (13.76075ms)
✔ presentation and runtime navigation never change the semantic key or compiler document (1.76325ms)
✔ legacy groups migrate without changing proof nodes and malformed trees are quarantined (3.781167ms)
✔ manual hiding preserves each actual edge and never invents A to C (2.23925ms)
✔ isolation renders only direct hidden boundaries and no hidden-to-hidden wires (4.585916ms)
✔ proxy ports encode node and port tuples without delimiter collisions (1.614708ms)
✔ isolation freezes selection, deduplicates stages and restores viewport without overwriting hides (1.454333ms)
✔ adding a hidden item bypasses earlier frames but newest manual Hide defeats all overrides (10.638916ms)
✔ temporary diagnostics open ancestors without mutating collapse or isolation (2.258333ms)
✔ nested containers preserve endpoint proxies and movement is reversible with all descendants (4.214ms)
✔ scope and occurrence identities do not share call A/B or Cases branch display state (0.470708ms)
✔ new entities join the current isolation and removing all targets safely ends it (0.644125ms)
✔ manual occurrence views are detached from each other and validated on reload (0.985583ms)
✔ manual hiding the last temporary diagnostic restores the original collapsed ancestor (0.496417ms)
✔ empty imported containers never generate nonfinite wrapping coordinates (0.32675ms)
✔ ignored script metadata cannot make semantic-scope traversal crash (0.226708ms)
✔ malformed scope records and overflow both preserve recovery evidence (24.151666ms)
✔ occurrence corruption, excess entries and mismatched key associations retain recovery (40.150417ms)
✔ expanded nested bounds reserve distinct container headings at every level (2.432583ms)
✔ document identity exists before editor open, survives Undo, and differs for a new import (11.466542ms)
✔ dependency preview includes only actual ancestors and survives malformed cycles (1.848917ms)
✔ inspector reports actual producers, declared inputs, assumptions, source and diagnostics (1.032333ms)
✔ inspector uses formal module types and never guesses compatibility from matching text (0.27725ms)
✔ two watch pins are detached snapshots with document/scope identity and explicit stale state (1.55875ms)
✔ preview modes never mutate graph topology and default to the full graph (0.304667ms)
✔ restored Watch snapshots lose current-session verification regardless of saved flags (0.380875ms)
✔ two outputs of one typed component keep distinct Watch identities (0.284958ms)
✔ verified memory results require the same freshly read actual Lean environment (0.312917ms)
✔ category selection shows the matching tools and exposes the selected state (40.124708ms)
✔ category keyboard navigation wraps and moves focus to the visible selection (0.6205ms)
✔ commands reuse existing editor actions and reveal closed panels (16.328958ms)
✔ disabled editor actions cannot be triggered from the ribbon (0.351458ms)
✔ reinitialization does not attach duplicate command listeners (0.28175ms)
✔ source file alone can be hidden, grouped and expanded while original source remains exact (71.675375ms)
✔ actual declarations keep raw names and all metadata while installation dependencies render in pages of fifty (7.264375ms)
✔ invalid UTF8 original never enables analysis after cache reload or cancellation (0.8895ms)
✔ historical installed lookup failure cannot overwrite a subsequently edited source (21.075792ms)
✔ malformed historical imports leave original source and cache saved while loading the safe file view (1.955458ms)
✔ fresh theorem conversion uses server job identity and preserves the source without treating dependencies as wires (15.676125ms)
✔ late conversion cannot replace a newer source and errored partial analysis cannot convert (5.830875ms)
✔ UTF8 BOM CRLF and Unicode survive source JSON round trips as exact original bytes (13.219625ms)
✔ malformed UTF8 stays an original file block rather than replacement-character Lean (2.182708ms)
✔ the maximum eight MiB raw file validates without recursive Base64 expression failure (2398.864167ms)
✔ original provenance metadata must match decoded bytes without requiring edited source equality (2.685417ms)
✔ source-backed graph JSON saves the full raw source and restores its independent module identity (37.562ms)
✔ invalid module paths, provenance, source limits and corrupt raw bytes are refused on restore (51.337459ms)
✔ source diagnostic buttons open the source from a file block before moving the caret (6.314708ms)
✔ presentation original download preserves falsy quarantined JSON and distinguishes absent recovery (18.530375ms)
✔ source relations expose actual direct names without inventing editable proof wires (13.880209ms)
✔ file and declarations share Hide/containers while source bytes and semantic identity remain exact (14.036125ms)
✔ a thousand source declarations have their own analysis view and no semantic graph node cap (4.227084ms)
✔ unknown source view wrappers are quarantined with exact original and safe default visibility (0.848292ms)
✔ historical analysis rejects malformed optional imports, ranges and dependency provenance without mutating cache (2.306125ms)
✔ visible Lean body edits invalidate a pending result, persist, and cannot be overwritten by a late response (37.097625ms)
✔ changing selected node cannot retain another node output ID (13.825875ms)
✔ opening another typed document clears a pending connection and dependency view (4.036583ms)
✔ deleting an output or calc step commits the visible rows and invalidates verification (7.189166ms)
✔ changing compute mode invalidates a pending preview response (6.203208ms)
✔ an obsolete declaration lookup error cannot alter a replacement document (3.680209ms)
✔ wire selection preserves the edge output and selects its exact projection source (7.443583ms)
✔ editing immediately refreshes the Inspector as unverified before any delayed preview (2.761333ms)
✔ output-key and source-line navigation select the precise projection (4.338042ms)
✔ a verified root target does not label an incomplete component verified (2.204209ms)
✔ an earlier same-document preview result or error cannot replace a newer actual check (7.704875ms)
✔ typed hide and isolation preserve current kernel results and keep real boundary edges (7.501ms)
✔ header Shift-click keeps both selected cards rather than removing the second selection (2.233666ms)
✔ fullscreen cancellation consumes a pending wire before leaving the editor (1.813417ms)
✔ call A/B internal views, definition view, return selection and viewport remain distinct (6.706042ms)
✔ a code card opens an editable wide code view and returns without losing the body (3.816459ms)
✔ direct code-parent creation yields an actual shared definition and public input wire (9.364083ms)
✔ creating a parent at global node or module limits rejects without a document commit (19.830792ms)
✔ presentation restoration retains multi-selection and the parent return stack (12.149917ms)
✔ actual Unicode fragment diagnostics open the body at the corresponding UTF16 caret (2.961791ms)
✔ explicit settings open inside the workbench and edit a parent public contract (2.877833ms)
✔ editing a body while its actual goal query is pending resets controls for a new query (8.124875ms)
✔ contract editing returns to the exact wide body cursor without a duplicate body textarea (5.478709ms)
✔ ending a temporary body diagnostic restores the prior isolated canvas instead of leaving code open (6.901208ms)
✔ cancelling a wire restores ordinary port tooltip and whole fit includes expanded group headers (4.512875ms)
✔ direct-input isolate counts manual hidden nodes and adds them only on explicit request (5.653292ms)
✔ pasted blocks enter the current isolate with fresh IDs and their internal wires (6.395375ms)
✔ Nat retains values beyond JS safe integer range and rejects invalid forms (2.087416ms)
✔ Map Zip Product expand actual calls with stable provenance and reject zip mismatch atomically (3.994209ms)
✔ signature changes identify direct and transitive callsites without deleting wires (1.495ms)
✔ typed candidate hints separate current concrete type matches, rigid conflicts and uncertainty (0.280167ms)
✔ batch calls enforce the whole document node budget before mutating nested scopes (1.145208ms)
✔ copy/paste retains internal wires, uses fresh IDs and rejects scope/limit changes atomically (1.303875ms)
✔ real Lean graph locations distinguish visible, outside and unknown errors (2.203125ms)
✔ a descendant of a manually hidden outer container is marked manual rather than collapsed (0.554833ms)
✔ direct expansion uses only same-scope adjacent wires and does not silently reveal manual Hide (0.958334ms)
✔ source references are declared separately, remain direct, and unresolved names never become proof wires (0.431833ms)
✔ outside pointerdown does not move canvas buttons before their click fires (4.638875ms)
✔ dock activation consumes the detached original tab click and an explicit reveal remains open for that click (5.1205ms)
✔ a compact panel stays open after a ribbon command even when the pending microtask has completed (1.877542ms)
ℹ tests 216
ℹ suites 0
ℹ pass 216
ℹ fail 0
ℹ cancelled 0
ℹ skipped 0
ℹ todo 0
ℹ duration_ms 2907.84625
